
running 4 tests
test $DIR/issue-79764/mod.rs - a (line 14) ... ok
test $DIR/issue-79764/mod.rs - a (line 10) ... ok
test $DIR/issue-79764/a/mod.rs - a::another_mod (line 6) ... ok
test $DIR/issue-79764/a/mod.rs - a::another_mod (line 10) ... ok

test result: ok. 4 passed; 0 failed; 0 ignored; 0 measured; 0 filtered out; finished in $TIME

